
]0;s4dbatch2@lab2-HCL-Desktop: ~s4dbatch2@lab2-HCL-Desktop:~$ ssh cs17d60@192.168.0.30
.
              |
.  .    . .-. | .-..-. .--.--. .-.
 \  \  / (.-' |(  (   )|  |  |(.-'
  `' `'   `--'` `-'`-' '  '  ` `--'
cs17d60@192.168.0.30's password: 
Permission denied, please try again.

cs17d60@192.168.0.30's password: 
Welcome to elementary OS 0.4.1 Loki (GNU/Linux 4.13.0-32-generic x86_64)

 * Website:  http://elementary.io/

278 packages can be updated.
0 updates are security updates.

Last login: Thu Mar 28 10:23:15 2019 from 192.168.0.57

$ pwd
/home/cs17d60
$ l cd ..
$ mkdri  ir jaco          ls
ask	 cs17d06  cs17d14  cs17d22  cs17d30  cs17d38  cs17d46  cs17d54	cs17d62
cec	 cs17d07  cs17d15  cs17d23  cs17d31  cs17d39  cs17d47  cs17d55	hari
cs17d00  cs17d08  cs17d16  cs17d24  cs17d32  cs17d40  cs17d48  cs17d56	ieeecec
cs17d01  cs17d09  cs17d17  cs17d25  cs17d33  cs17d41  cs17d49  cs17d57
cs17d02  cs17d10  cs17d18  cs17d26  cs17d34  cs17d42  cs17d50  cs17d58
cs17d03  cs17d11  cs17d19  cs17d27  cs17d35  cs17d43  cs17d51  cs17d59
cs17d04  cs17d12  cs17d20  cs17d28  cs17d36  cs17d44  cs17d52  cs17d60
cs17d05  cs17d13  cs17d21  cs17d29  cs17d37  cs17d45  cs17d53  cs17d61
$ cd cs17d60
$ pwd
/home/cs17d60
$ ls
abc.text  ab.txt  examples.desktop  jj
$ cat ab.txt
name=jacob
$ cat c=   >c, .text
wget command

Connection to 192.168.0.30 closed.

]0;s4dbatch2@lab2-HCL-Desktop: ~s4dbatch2@lab2-HCL-Desktop:~$ exit
exit

Script done on Thursday 28 March 2019 05:01:09 AM +0530
